Evolutions-Züchtungs-KreativitätMond-Typ eines SternpolygonsMond-Typ eines gleichförmigen PolygonsGestirn
121. Primzahl und Sonnenzahlkein Mondkein MondSonne (keine Potenzen), und außerdem Planet (2*n)
131. Primzahl und Sonnenzahlkein Mondkein MondSonne (keine Potenzen), und außerdem wäre eine schwarze Sonne (-3*n), wenn ins Negative durch eine Typ 13 verdreht
143. Mondzahl"sich etwas vormachen - „Können“ (bzw. „Können wollen“ 2*1) (Allein die Fähigkeit besitzen wollen [1], sich fortpflanzen zu können [2] [1*2=2]) | betätigen (machen) bzw. durchführenHandlungswille + Dominieren, obwohl man nicht kann""seiner eigenen Strukturgröße (Imperium (z.B. römisches, aber auch die USA)Das sehr sehr einfache Prinzip Top-Down, Überordnung, Unterordnung.) etwas vormachen - „Können“ (bzw. „Können wollen“ 2*1) (Allein die Fähigkeit besitzen wollen [1], sich fortpflanzen zu können [2] [1*2=2]) | betätigen (machen) bzw. durchführenHandlungswille + Dominieren, obwohl man nicht kann"Mond (Potenzen), und außerdem Planet (2*n)
262. Sonnenzahl, aber keine Primzahlkein Mondkein MondSonne (keine Potenzen), und außerdem Planet (2*n), und außerdem wäre eine schwarze Sonne (-3*n), wenn ins Negative durch eine Typ 13 verdreht
3122. Sonnenzahl, aber keine Primzahlkein Mondkein MondSonne (keine Potenzen), und außerdem Planet (2*n), und außerdem wäre eine schwarze Sonne (-3*n), wenn ins Negative durch eine Typ 13 verdreht
