Intrinsische (nicht extrinsische) (intrinsisch = es direkt wollen und nicht indirekt) emotionale Intentionen bzw. Motive n für Sternpolygone, Paradigmen (u.a. 13, Paradigmen sind nicht nur Typ 13, weil vermenschlicht) (Ein beliebiges Motiv zu haben ist Typ 1) (Jedes einzelne Motiv ergibt sich auch daraus, aus welchen Paradigmen und Meta-Paradigmen der Mensch besteht, ist also immer eine Zusammensetzung) Absichten (13) als Form des Geistes (15)
12„Können“ (bzw. „Können wollen“ 2*1) (Allein die Fähigkeit besitzen wollen [1], sich fortpflanzen zu können [2] [1*2=2])
2/n Galaxie
13"Brauchbarkeit, brauchen (2/[1/3] und 2/3) (größtenteils sicher)Zeugnis abgeben (unsicher) [4/(1/6)]der Wirkstoff (unsicher) [6/(1/9)]sich einer Rechtssprechungsart unterwerfen (halb sicher) [8/(1/12)]"
27"? (2/7)zergliedern (4/14) (unsicher)"
6/n Galaxie
13„Können“ (bzw. „Können wollen“ 2*1) (Allein die Fähigkeit besitzen wollen [1], sich fortpflanzen zu können [2] [1*2=2])
27"parteiisch sein wer welche Vorteile und Nachteile erhalten sollNehmen (das bringt es auf den Punkt.)(wo ich noch am Denken war:) (halb sicher) Vorteile daraus gewinnen, angeführt zu werdenmehr Vorteile bei wenig angeführt werden (= Liberalismus), mehr Nachteile bei viel Führung und Richtung (= Bürokratie) (6/7)Selektieren [aus einem Märchen: „die guten ins Töpfchen, die schlechten ins Kröpfchen“] (12/14)Verständnis aufbringen für ggf. nicht mental nachvollziehbares (= sich zugeneigt relaten zu können pro Hingabe und Widmung oder mal Pionierarbeit in neuem Terrain zu leisten) (18/21) (unsicher)"
