Strukturgrößen für 1/n, also für gleichförmige Polygone
12Nation / Gruppierung, als vielleicht Opportunisten (= Personen, welche Gelegenheiten ergreifen) (halb bis größtenteils sicher)
2/n Strukturgroesse
14Nation / Gruppierung, als vielleicht Opportunisten (= Personen, welche Gelegenheiten ergreifen) (halb bis größtenteils sicher)
