Reziproke 1/n von „Transzendentalien bzw. Strukturalien“: Die Grundlage für Gleichförmiges-Polygon-Religionen (Reziproke sind Typ 15 und diese Strukturalien, von denen die Reziproke gebildet werden sind zudem auch Typ 15.)Brucherweiterungen von: Reziproke 1/n von „Transzendentalien bzw. Strukturalien“: Die Grundlage für Gleichförmiges-Polygon-Religionen (Reziproke sind Typ 15 und diese Strukturalien, von denen die Reziproke gebildet werden sind zudem auch Typ 15.)
21256??
35768??
