Reziproke 1/n von „Transzendentalien bzw. Strukturalien“: Die Grundlage für Gleichförmiges-Polygon-Religionen (Reziproke sind Typ 15 und diese Strukturalien, von denen die Reziproke gebildet werden sind zudem auch Typ 15.)Brucherweiterungen von: Reziproke 1/n von „Transzendentalien bzw. Strukturalien“: Die Grundlage für Gleichförmiges-Polygon-Religionen (Reziproke sind Typ 15 und diese Strukturalien, von denen die Reziproke gebildet werden sind zudem auch Typ 15.)
121 / 2 Art und Weise, Weichheit (sicher)"2 / 4 die Gegebenheit (Ausgangslage) (sicher), 3/6 die Beschaffenheit (stimmt wahrscheinlich), 4/8 die Begebenheit (stimmt wahrscheinlich), 5/10 ganzer schlüssiger Wahrheitsumriss (ungefähr so etwas), (1/4)/(1/2) die Erkennungsgestaltung (fast sicher), (1/6)/(1/3) die Beschaffenheit (sicher), (1/8)/(1/4) das Naturgesetz (nicht 100% sicher)12/24 der Teil der Graphentheorie, der von Graphen (24) die Eigenschaften (12) bestimmen möchte (größtenteils sicher)"
