Transzendentalien, -alien, universelle Strukturalien, Meta-Paradigmen (15) Transzendentalien (15 oder u.a. 15) sind die menschliche Sicht der Strukturalien (ausschließlich Typ 15) (In Lebewesen ist es Bewusstsein.). Das sind meist hier alles die mathematischen Objekte, die aber genauer als universelle Objekte bezeichnet werden sollten, denn sie können z.B. auch in der Systemtheorie verwendet werden, die als Untermenge die Mathematik besitzt. Diese Spalte ist das O Kontinuum und der Beginnpunkt der Meta-Physik.Brucherweiterungen von: Transzendentalien, -alien, Strukturalien, Meta-Paradigmen (15)
11Identität, z.B. mathematisch (1), der Punkt(1*n/17) sind alle Dinge, die die Statistik ermitteln möchte: also alle mathematischen Objekte aus Wahrscheinlichkeiten (größtenteils sicher)
Reziproke 1/n von „Transzendentalien bzw. Strukturalien“: Die Grundlage für Gleichförmiges-Polygon-Religionen (Reziproke sind Typ 15 und diese Strukturalien, von denen die Reziproke gebildet werden sind zudem auch Typ 15.)Brucherweiterungen von: Reziproke 1/n von „Transzendentalien bzw. Strukturalien“: Die Grundlage für Gleichförmiges-Polygon-Religionen (Reziproke sind Typ 15 und diese Strukturalien, von denen die Reziproke gebildet werden sind zudem auch Typ 15.)
11das universelle Verhältnis (größtenteils sicher)
121 / 2 Art und Weise, Weichheit (sicher)"2 / 4 die Gegebenheit (Ausgangslage) (sicher), 3/6 die Beschaffenheit (stimmt wahrscheinlich), 4/8 die Begebenheit (stimmt wahrscheinlich), 5/10 ganzer schlüssiger Wahrheitsumriss (ungefähr so etwas), (1/4)/(1/2) die Erkennungsgestaltung (fast sicher), (1/6)/(1/3) die Beschaffenheit (sicher), (1/8)/(1/4) das Naturgesetz (nicht 100% sicher)12/24 der Teil der Graphentheorie, der von Graphen (24) die Eigenschaften (12) bestimmen möchte (größtenteils sicher)"
131/3 die Bedingung (größtenteils sicher) (u.a. für das Überleben, aber eigentlich allgemein)"2/6 das Messbare (sicher), 3/9 erfassbar (mensurabel) (sicher),4/12 der jeweils abstrakte Grundgedanke über Messung (sicher), (1/6)/(1/2) die Eignung zum Messen (größtenteils sicher), (warum immer ""Messen"": wegen der 6 [der Wert] bei 2/6 [, was der Einstieg in die ganzen Überlegungen ist])"
2/n Universum
12das universelle Verhältnis (größtenteils sicher) (1/1)
13"die Form (2/3) (100% sicher)der Delta-Wert (unsicher) (4/6) („Zeit=Geld“)Epoche, Ära (4/6) (sicher) = der Betrag (6/9) von einer Einheit (sehr sicher)das Schematisierbare ([1/3]/[1/2])der Schein [(1/6)/(1/4)] (sicher)die (z.B. Physik oder BWL, etc.) Formel und das Formulierbare [(1/9)/(1/6)] (einigermaßen sicher)Syntax (14/21) (halb sicher)das neue Terrrain pro Analyse [(1/21)/(1/14)] (Mode eröffnet ein neues Feld, das man analysieren kann, neue Menschentypen) ist die Betrachtung der Form (2/3)das imperative Programmierparadigma (d.h. also hier doch ein gebrochen-rationales Meta-Paradigma laut ReTa sein soll) (4/12) (d.h. Tätigkeiten pro Reihenfolgen)"
3/n Universum
12"der Inhalt (3/2) (bei Inhalt bin ich mir 100% sicher)der Verlauf (6/4)Zugehörigkeit eines Wertes zu einer Einheit, dessen Entsprechungsgrad (9/6) (größtenteils sicher)die Einheiten-Betrachung von Werten mit Einheiten (9/6) (größtenteils sicher)die Eigenschaften von Zuständen bestimmen (12/8) (passt gut)das was „zwischen den Zeilen“ steht (15/10) (stimmt wahrscheinlich)der Umstand (die Art und Wiese [1 / 2] der Bedingung [ 1/3 ]) [(1/2)/(1/3)] (größtenteils sicher) =das Gegenstück zum Schein: das Sein, (aber nicht das von 8. Sein und Zustand) sondern als Manifestation (1/4) [(1/4)/(1/6)] (sicher)die Klarheit von und über Problematiken [(1/6)/(1/9)] (halb sicher)Instanzen analysieren [21*(1/14)] ist die Betrachtung der Form (3/2)"
13das universelle Verhältnis (größtenteils sicher) (1/1)
das universelle (15) Verhältnis (n/n) (einfach die Division der gleichen Zahl der universellen Strukturalien)
12der Vergleich (halb sicher) oder die Vergleichsgrundlage (größtenteils sicher) (alle 4*n+2 betreffen Vergleiche)
13das Duell (größtenteils sicher)
