Transzendentalien, -alien, universelle Strukturalien, Meta-Paradigmen (15) Transzendentalien (15 oder u.a. 15) sind die menschliche Sicht der Strukturalien (ausschließlich Typ 15) (In Lebewesen ist es Bewusstsein.). Das sind meist hier alles die mathematischen Objekte, die aber genauer als universelle Objekte bezeichnet werden sollten, denn sie können z.B. auch in der Systemtheorie verwendet werden, die als Untermenge die Mathematik besitzt. Diese Spalte ist das O Kontinuum und der Beginnpunkt der Meta-Physik.Brucherweiterungen von: Transzendentalien, -alien, Strukturalien, Meta-Paradigmen (15)
11Identität, z.B. mathematisch (1), der Punkt(1*n/17) sind alle Dinge, die die Statistik ermitteln möchte: also alle mathematischen Objekte aus Wahrscheinlichkeiten (größtenteils sicher)
Reziproke 1/n von „Transzendentalien bzw. Strukturalien“: Die Grundlage für Gleichförmiges-Polygon-Religionen (Reziproke sind Typ 15 und diese Strukturalien, von denen die Reziproke gebildet werden sind zudem auch Typ 15.)Brucherweiterungen von: Reziproke 1/n von „Transzendentalien bzw. Strukturalien“: Die Grundlage für Gleichförmiges-Polygon-Religionen (Reziproke sind Typ 15 und diese Strukturalien, von denen die Reziproke gebildet werden sind zudem auch Typ 15.)
11das universelle Verhältnis (größtenteils sicher)
3/n Universum
13das universelle Verhältnis (größtenteils sicher) (1/1)
das universelle (15) Verhältnis (n/n) (einfach die Division der gleichen Zahl der universellen Strukturalien)
13das Duell (größtenteils sicher)
