Reziproke 1/n von „Transzendentalien bzw. Strukturalien“: Die Grundlage für Gleichförmiges-Polygon-Religionen (Reziproke sind Typ 15 und diese Strukturalien, von denen die Reziproke gebildet werden sind zudem auch Typ 15.)Brucherweiterungen von: Reziproke 1/n von „Transzendentalien bzw. Strukturalien“: Die Grundlage für Gleichförmiges-Polygon-Religionen (Reziproke sind Typ 15 und diese Strukturalien, von denen die Reziproke gebildet werden sind zudem auch Typ 15.)
131/3 die Bedingung (größtenteils sicher) (u.a. für das Überleben, aber eigentlich allgemein)"2/6 das Messbare (sicher), 3/9 erfassbar (mensurabel) (sicher),4/12 der jeweils abstrakte Grundgedanke über Messung (sicher), (1/6)/(1/2) die Eignung zum Messen (größtenteils sicher), (warum immer ""Messen"": wegen der 6 [der Wert] bei 2/6 [, was der Einstieg in die ganzen Überlegungen ist])"
2/n Universum
26"1/3 die Bedingung (größtenteils sicher) (u.a. für das Überleben, aber eigentlich allgemein) (1/3)2/6 das Messbare (sicher), 3/9 erfassbar (mensurabel) (sicher),4/12 der jeweils abstrakte Grundgedanke über Messung (sicher), (1/6)/(1/2) die Eignung zum Messen (größtenteils sicher), (warum immer ""Messen"": wegen der 6 [der Wert] bei 2/6 [, was der Einstieg in die ganzen Überlegungen ist])"
