2/n Universum
13"die Form (2/3) (100% sicher)der Delta-Wert (unsicher) (4/6) („Zeit=Geld“)Epoche, Ära (4/6) (sicher) = der Betrag (6/9) von einer Einheit (sehr sicher)das Schematisierbare ([1/3]/[1/2])der Schein [(1/6)/(1/4)] (sicher)die (z.B. Physik oder BWL, etc.) Formel und das Formulierbare [(1/9)/(1/6)] (einigermaßen sicher)Syntax (14/21) (halb sicher)das neue Terrrain pro Analyse [(1/21)/(1/14)] (Mode eröffnet ein neues Feld, das man analysieren kann, neue Menschentypen) ist die Betrachtung der Form (2/3)das imperative Programmierparadigma (d.h. also hier doch ein gebrochen-rationales Meta-Paradigma laut ReTa sein soll) (4/12) (d.h. Tätigkeiten pro Reihenfolgen)"
