@@@root-prim
prim
prim24
primfaktorenvergleich
primfaktorzerlegung
primfaktorzerlegungModulo24
primzahlkreuz
abstandPrim
@@@reta-haupt
-kombination
-nichts
-h
-zeilen
-help
-ausgabe
-spalten
@@@ausgabe-parameter
--nocolor
--justtext
--art=
--onetable
--spaltenreihenfolgeundnurdiese=
--endlessscreen
--endless
--dontwrap
--breite=
--breiten=
--keineleereninhalte
--keinenummerierung
--keineueberschriften
--*=
@@@ausgabe-art-fuzzy
html
shell
nichts
@@@zeilen-werte-komma
mond
-mond
SonneMitMondanteil
-SonneMitMondanteil
@@@kombi-werte
tiere
tier
Persönlichkeit_evolutionär_erwerben
