@@@root-pri
primaryfactorcomparison
prime
prime24
primecross
primefactorization
primefactorizationModulo24
PROPNIAddiction
PROPNIless
PROPNidiot
PROPNilluminate
PROPNinclined
PROPNinferior
PROPNinferior_superior
PROPNinvent
PROPNdispute
PROPNkind
PROPNlimit
PROPNrights
PROPNsimilar
PROPNtime
PROPNtime_vs_space
PROPNwisdom
PROPNwisdom_etc
PROPNwise
PROPRdignified
PROPRfilterType
PROPRfilter_type_and_violation
PROPNevil
PROPNfriends
PROPNopinionintelligence
PROPNopinions
PROPNopinions_and_reputation
PROPNoriginintelligence
PROPNraiseawareness
PROPNscience
PROPNunite
PROPNuniteConnect
PROPNunite_vs_connect
PROPNunity
PROPRalign
PROPRalign_setup
PROPRepistemology
PROPNegoism
PROPNegoism_vs_altruism
PROPNegoist
PROPNfamilial
PROPNfamilyneeds
PROPNoptimal
PROPNoptimum
PROPNpolite
PROPNspoil
PROPNthrive
PROPNvaried
PROPNvaried_monotonous
PROPRposition
PROPNegalitarian
PROPNegalitarianAuthoritarian
PROPNegalitarian_vs_authoritarian
PROPNgettingNear
PROPNmeaning
PROPNmeaning_and_purpose_of_life
PROPNselfishness
PROPNselfishness_wantingYourOwnI_etc
PROPNspatially
PROPNsurvival
PROPNsurvive
PROPNaltruism
PROPNaltruist
PROPNequality
PROPNgenesis
PROPNmetawisdom
PROPNmorality
PROPNpolarityOfLove
PROPNpolarity_of_love
PROPNselfrighteous
PROPNaffection
PROPNaffection_dislike
PROPNaffectionate
PROPNauthoritarian
PROPNmeta-wisdom
PROPRadversity
PROPRexception
PROPNgood_evil_love_bad
PROPNreputation
PROPNtrustMaintain
PROPRgoodreciprocal
PROPNcooperation
PROPNcooperation_vs_ass
PROPNleadership
PROPNresearch_invention_engagement
PROPNget_your_right
PROPNcachetPrestigeValidity
PROPRGoodnessegoism
PROPNsenseAndMeaning
PROPNhonest_vs_polite
PROPNselflessness_Ilessness_etc
PROPNencourage_sensitize_and_grant
PROPRreflect_recognize
PROPRrule_vs_exception
PROPNgods_prophets_families_friends
PROPNhonesty_and_contention
mulpri
distancePrime
@@@reta-main
-combination
-output
-h
-help
-nothing
-lines
-columns
@@@output-parameters
--nocolor
--justtext
--type=
--onetable
--columnorderandonlythese=
--endlessscreen
--endless
--dontwrap
--width=
--widths=
--noblankcontents
--nonumbering
--noheadings
--*=
@@@output-type-fuzzy
html
shell
nothing
@@@line-values-comma
moon
-moon
sunWithMoonParts
-sunWithMoonParts
@@@combination-values
animals
animal
creativity_and_intelligence
personality_evolutionary_acquisition
ownership_and_possession
