reta -zeilen --vorhervonausschnitt=13 --oberesmaximum=1025 -spalten --Grundstrukturen=Paradigmen_sind_Absichten_(13) --breite=0 -ausgabe
    [41m[30m[4mIntrinsische (nicht extrinsische) (intrinsisch = es direkt wollen und    [0m 
    [41m[30m[4mnicht indirekt) emotionale Intentionen bzw. Motive n für Sternpolygone,  [0m 
    [41m[30m[4mParadigmen (u.a. 13, Paradigmen sind nicht nur Typ 13, weil              [0m 
    [41m[30m[4mvermenschlicht) (Ein beliebiges Motiv zu haben ist Typ 1) (Jedes einzelne[0m 
    [41m[30m[4mMotiv ergibt sich auch daraus, aus welchen Paradigmen und Meta-Paradigmen[0m 
    [41m[30m[4mder Mensch besteht, ist also immer eine Zusammensetzung) Absichten (13)  [0m 
    [41m[30m[4mals Form des Geistes (15)                                                [0m 
 13 [43m[30mechtes Helfen (Ich-Vollheit) (jemanden zum Überleben [3] bringen) oder   [0m[0m 
    [43m[30mextrinsisch Existenz beenden lassen, hauptsächlich wenn zur schwarzen    [0m[0m 
    [43m[30mSonne geworden; die Denkansätze anderer Menschen; Sucht anderen Positives[0m[0m 
    [43m[30mzu geben (weil man das fürs Helfen muss) verinnerlichen wollen           [0m[0m 
    [41m[30m[4mExtrinsische (= es indirekt wollen und nicht direkt zu wollen) (ggf.    [0m 
    [41m[30m[4mrationale) Motive 1/n für gleichförmige Polygone, Paradigmen, Reziproke [0m 
    [41m[30m[4m1/n (13 und oder 14)                                                    [0m 
 13 [43m[30mwürdig für Hilfe sein wollen (z.B. durch Dankbarkeit) – als etwas       [0m[0m 
    [43m[30mvergleichbares zu beliebt sein zu wollen; Dinge umsetzen wollen und dazu[0m[0m 
    [43m[30mggf. Hilfe benötigen (größtenteils sicher bis sicher) unterweisen,      [0m[0m 
    [43m[30munterrichten, anweisen, das Sollen, wie es sein sollte, instruction,    [0m[0m 
    [43m[30mshould be                                                               [0m[0m 
    [41m[30m[4mTugend als Geist (15) „12 mit 13“ = Sortieren als universelle (15)     [0m 
    [41m[30m[4mStruktur „12 mit 13“; Kombiniert werden immer beide gleichwertige n. Es[0m 
    [41m[30m[4mkönnten auch unterschiedlich hohe n von beidem, 12 und 13, kombiniert  [0m 
    [41m[30m[4mwerden zu einer Tugend                                                 [0m 
 13 [43m[30m?                                                                      [0m[0m 
    [41m[30m[4mTeilchen-Meta-Physik: kombiniertes Teilchen „12 mit 13“ = Sortieren als[0m 
    [41m[30m[4muniverselle (15) Struktur „12 mit 13“                                  [0m 
 13 [43m[30m?                                                                      [0m[0m 
    [41m[30m[4mM Kontinuum (dreizehn)                                                   [0m 
 13 [43m[30mVon bis Wegeaufbau, wie in der Informatik Computerwissenschaft Wegen von [0m[0m 
    [43m[30mbis in einem Graphen berechnet werden, ggf. Nach unterschiedlichen       [0m[0m 
    [43m[30mPrinzipien, wie schnellste oder kürzeste oder energiesparenste Route oder[0m[0m 
    [43m[30mkeine großen Hauptstraßen                                                [0m[0m 
    [41m[30m[4mSuperkräfte von Verantwortlichen bzw. Götter. Sind die gleichen. Ein     [0m 
    [41m[30m[4mGalaxieverantwortlicher wie Palpatine Jedis (Galaxie dreizehn) oder ein Q[0m 
    [41m[30m[4m(siebzehn) entspricht Gottheit so in etwas. Das ist das.                 [0m 
 13 [43m[30mDie Kraft der Macht. The power of Force. Wie Telekinese (7 hell), Blitze [0m[0m 
    [43m[30m(5 dunkel), etc.; Gottheiten Typ M dreizehn bzw. Verantwortliche;        [0m[0m 
    [43m[30mPalpatine Imperator Galaxie im Cluster „Lokale Gruppe“ inter-galaktisches[0m[0m 
    [43m[30mCluster                                                                  [0m[0m 
