reta -zeilen --vorhervonausschnitt=15 --oberesmaximum=1025 -spalten --Grundstrukturen=Strukturalien_bzw_Meta-Paradigmen_bzw_Transzendentalien_(15),Geist_(15),Model_of_Hierarchical_Complexity,Biologischer_Baum_(15),Teilchen_anderes_Universum,nachvollziehen_emotional_oder_geistig_durch_Primzahl-Kreuz-Algorithmus_(15),Strukturalien_bzw_Meta-Paradigmen_bzw_Transzendentalien_(15),Geist_(15),Model_of_Hierarchical_Complexity,Biologischer_Baum_(15),Teilchen_anderes_Universum,nachvollziehen_emotional_oder_geistig_durch_Primzahl-Kreuz-Algorithmus_(15) --breite=0 -ausgabe
    [41m[30m[4mTranszendentalien, -alien, universelle Strukturalien, Meta-Paradigmen    [0m 
    [41m[30m[4m(15) Transzendentalien (15 oder u.a. 15) sind die menschliche Sicht der  [0m 
    [41m[30m[4mStrukturalien (ausschließlich Typ 15) (In Lebewesen ist es Bewusstsein.).[0m 
    [41m[30m[4mDas sind meist hier alles die mathematischen Objekte, die aber genauer   [0m 
    [41m[30m[4mals universelle Objekte bezeichnet werden sollten, denn sie können z.B.  [0m 
    [41m[30m[4mauch in der Systemtheorie verwendet werden, die als Untermenge die       [0m 
    [41m[30m[4mMathematik besitzt. Diese Spalte ist das O Kontinuum und der Beginnpunkt [0m 
    [41m[30m[4mder Meta-Physik.                                                         [0m 
 15 [100m[37mdas Universelle, alle mathematischen Objekte; mathematisch: Rekursion,   [0m[0m 
    [100m[37mWiederholung – wie bei einer Programmierungs-Schleife, Traversierung; die[0m[0m 
    [100m[37mZusammenhänge und Verbindungen aller Ganzheiten und aller Kausalitäten;  [0m[0m 
    [100m[37mIntroversion (psychologisch) Erhabenheit [menschlich und tierisch: im    [0m[0m 
    [100m[37mnicht schlechten Sinn: Erhabenheit (Wenn man eine Sache sehr oft         [0m[0m 
    [100m[37mwiederholt, ist man darüber erhaben.).]                                  [0m[0m 
    [41m[30m[4mmodel of hierarchical complexity (adapted from Commons, Crone-Todd, &   [0m 
    [41m[30m[4mChen, 2014)  [bis zu 15, danach ich Jupiter 3.0], Meta-Paradigmen (15)  [0m 
    [41m[30m[4m(Diese Spalte von u.a. Michael Commons ist wohl eher vermenschlicht,    [0m 
    [41m[30m[4mdurch die Paradigmen [13] [3,8,10,17] und Metaparadigmen [15]           [0m 
    [41m[30m[4m[2|1/3|2/3|3/2|6|1/10|13|14|1/16|(16) ], aus denen der Mensch besteht.  [0m 
    [41m[30m[4mD.h. diese Zahlenkombinationen müsste man herausrechnen [Mindestens Typ [0m 
    [41m[30m[4m14 ist hier in dieser Spalte immer mit kombiniert.] und würde dann auf  [0m 
    [41m[30m[4mdie Strukturalien und Transzendentalien kommen!)                        [0m 
 15 [100m[37mMeta-cross-paradigmatic, zusätzlich ich JOM: Prädisposition (ein Begriff[0m[0m 
    [100m[37maus der Psychologie-Wissenschaft)                                       [0m[0m 
    [41m[30m[4m„model of hierarchical complexity“ im Bezug zu den Religionen            [0m 
 15 [100m[37mDie Kugel (15). Es geht um einen Überblick, was alle Paradigmen ausmacht,[0m[0m 
    [100m[37mdas Meta-Paradigmenübergreifende.                                        [0m[0m 
    [41m[30m[4mReziproke 1/n von „Transzendentalien bzw. Strukturalien“: Die Grundlage[0m 
    [41m[30m[4mfür Gleichförmiges-Polygon-Religionen (Reziproke sind Typ 15 und diese [0m 
    [41m[30m[4mStrukturalien, von denen die Reziproke gebildet werden sind zudem auch [0m 
    [41m[30m[4mTyp 15.)                                                               [0m 
 15 [100m[37m1/15 Extraversion (bin mir halb sicher);mathematisch: die              [0m[0m 
    [100m[37mSchleifeninvariante, die Invariante einer Rekursion und einer          [0m[0m 
    [100m[37mTraversierung (sicher)                                                 [0m[0m 
    [41m[30m[4minverses „model of hierarchical complexity“ d.h. 1/n also Reziproke (15, [0m 
    [41m[30m[4mMetaparadigmen) (Diese Spalte von u.a. Michael Commons ist wohl eher     [0m 
    [41m[30m[4mvermenschlicht, durch die Paradigmen [13] [3,8,10,17] und Metaparadigmen [0m 
    [41m[30m[4m[15] [2,1/3,2/3,3/2,1/10,14,1/16], aus denen der Mensch besteht. D.h.    [0m 
    [41m[30m[4mdiese Zahlenkombinationen müsste man herausrechnen und würde dann auf die[0m 
    [41m[30m[4mStrukturalien und Transzendentalien kommen!)                             [0m 
 15 [100m[37msogenannte philosophische Kategorien (halb sicher)                       [0m[0m 
    [41m[30m[4mBewusstsein (15) (und Unterbewusstsein) ist bei Meta-Paradigmen (15) als[0m 
    [41m[30m[4mForm des Geistes (15) (Bewusstsein = Geist [15] 15)                     [0m 
 15 [100m[37mim nicht schlechten Sinn: Erhabenheit (Wenn man eine Sache sehr oft     [0m[0m 
    [100m[37mwiederholt, ist man darüber erhaben.). Über-Ich-Bewusstsein             [0m[0m 
    [41m[30m[4mBewusstsein (15) statt Motive (13) 1/n (gleichförmige Polygone), d.h. [0m 
    [41m[30m[4mreziproke 1/n Meta-Paradigmen (15) als Form des Geistes (Geist [15] 15[0m 
    [41m[30m[4mist Bewusstsein)                                                      [0m 
 15 [100m[37msich selbst kontrollierend und korrigierendes und verifizierendes und [0m[0m 
    [100m[37mfalsifizierendes Bewusstsein                                          [0m[0m 
    [41m[30m[4mGeist (15) (d.h. besteht aus der jeweilig zugehörigen universellen       [0m 
    [41m[30m[4mStrukturalie / dem Meta-Paradigma)                                       [0m 
 15 [100m[37mBewusstsein (sicher); „13 mit 15“: die bewusste Absicht oder das         [0m[0m 
    [100m[37mabsichtsvolle Bewusstsein, z.B.  der Wille (konkret [2] mit Absicht [1]);[0m[0m 
    [100m[37mKonditionierung der Reflexe (halb sicher)                                [0m[0m 
    [41m[30m[4mGeist (auch dennoch Typ 15, und nicht Typ 1/15, was etwas wäre das zu[0m 
    [41m[30m[4mGeist reziprok ist) der reziprok ist, also 1/n statt n, also wie     [0m 
    [41m[30m[4m„gleichförmige Polygone“ statt Sternpolygone                         [0m 
 15 [100m[37mReflexion [z.B. Selbstreflexion (5)] (größtenteils sicher)           [0m[0m 
    [41m[30m[4mNachvollziehen, emotional oder geistig (15), basierend auf dem Primzahl-[0m 
    [41m[30m[4mKreuz-Algorithmus                                                       [0m 
 15 [100m[37mBewusstsein (15) über (gegen) die Triebe (6) (anderer) und wegen (für)  [0m[0m 
    [100m[37mdie Impulse (anderer)                                                   [0m[0m 
    [41m[30m[4mBewusstsein (15) als Zusammenhang           [0m 
 15 [100m[37mBewusstsein über das eigene Überich zu haben[0m[0m 
    [41m[30m[4mGeist (15), hier: Intelligenz (6) und was gibt es noch, außer nur       [0m 
    [41m[30m[4mIntelligenz (6), also außer nur das Hexagramm, was ja das Symbol der    [0m 
    [41m[30m[4mIntelligenz ist                                                         [0m 
 15 [100m[37m? (Alles von “10 bis 16” ist deshalb etwas besseres als Intelligenz [6],[0m[0m 
    [100m[37mweil es beim Transzendenz-Gehirn-Internet [ab 10 und höher] der Empfang [0m[0m 
    [100m[37m[10 bis 16] von Information ist.)                                       [0m[0m 
    [41m[30m[4mHierarchie Sonnen Sternen System Prinzipien grundlegend dafür möglich[0m 
    [41m[30m[4mdafür                                                                [0m 
 15 [100m[37m?                                                                    [0m[0m 
    [41m[30m[4mRasse, etc., Biologie[0m 
 15 [100m[37m?                    [0m[0m 
    [41m[30m[4mTeilchen von woanders, z.B. anderes Universum                           [0m 
 15 [100m[37mTeilchen (zirkulierend) von anderen Universen drehen rotieren anders,   [0m[0m 
    [100m[37mz.B. von einer anderen Raumzeit, denn in anderen Raumzeiten herrschen   [0m[0m 
    [100m[37mandere Naturgesetze und sind daher zu großen Teilen als andere Universen[0m[0m 
    [100m[37mzu betrachten. Daher ist Parkinson die Zitterkrankheit die              [0m[0m 
    [100m[37mZeitreisekrankheit, aber diese müsste irgendwie heilbar sein. Legales   [0m[0m 
    [100m[37merlaubtes Zeitreisen erfolgt in Gruppen organisiert.                    [0m[0m 
    [41m[30m[4mEnergie oder Denkart oder Gefühlsart oder Materie-Art oder Topologie-Art[0m 
 15 [100m[37meine Denkart; kaum eine Energie-Art                                     [0m[0m 
    [41m[30m[4mGegen / pro: Nach Rechenregeln auf Primzahlkreuz und Vielfachern von  [0m 
    [41m[30m[4mPrimzahlen                                                            [0m 
 15 [100m[37mgegen 6 |  Darin kann sich die 15 am Besten hineinversetzen. | pro 5 |[0m[0m 
    [100m[37mDarin kann sich die 15 am Besten hineinversetzen.                     [0m[0m 
    [41m[30m[4mGegen / pro: Nach Rechenregeln auf Primzahlkreuz und Vielfachern von    [0m 
    [41m[30m[4mPrimzahlen                                                              [0m 
 15 [100m[37mpro dieser Zahl sind: 65, 285, 35, 45 |  contra dieser Zahl sind: 51, 30[0m[0m 
    [100m[37m- Die Zahlen, die für oder gegen diese Zahlen hier sind, können sich in [0m[0m 
    [100m[37mdiese am Besten gedanklich hineinversetzen.                             [0m[0m 
