reta -zeilen --vorhervonausschnitt=2 --oberesmaximum=1025 -spalten --Multiversum=Strukturalien_bzw_Meta-Paradigmen_bzw_Transzendentalien_(15),Model_of_Hierarchical_Complexity --breite=0 -ausgabe
   [41m[30m[4mTranszendentalien, -alien, universelle Strukturalien, Meta-Paradigmen    [0m 
   [41m[30m[4m(15) Transzendentalien (15 oder u.a. 15) sind die menschliche Sicht der  [0m 
   [41m[30m[4mStrukturalien (ausschließlich Typ 15) (In Lebewesen ist es Bewusstsein.).[0m 
   [41m[30m[4mDas sind meist hier alles die mathematischen Objekte, die aber genauer   [0m 
   [41m[30m[4mals universelle Objekte bezeichnet werden sollten, denn sie können z.B.  [0m 
   [41m[30m[4mauch in der Systemtheorie verwendet werden, die als Untermenge die       [0m 
   [41m[30m[4mMathematik besitzt. Diese Spalte ist das O Kontinuum und der Beginnpunkt [0m 
   [41m[30m[4mder Meta-Physik.                                                         [0m 
 2 [103m[30m[1mdas Konkrete, die Ecke Kante sollte dürfte könnte ein Mathematik Objekt  [0m 
   [103m[30m[1msein                                                                     [0m 
   [41m[30m[4mmodel of hierarchical complexity (adapted from Commons, Crone-Todd, &  [0m 
   [41m[30m[4mChen, 2014)  [bis zu 15, danach ich Jupiter 3.0], Meta-Paradigmen (15) [0m 
   [41m[30m[4m(Diese Spalte von u.a. Michael Commons ist wohl eher vermenschlicht,   [0m 
   [41m[30m[4mdurch die Paradigmen [13] [3,8,10,17] und Metaparadigmen [15]          [0m 
   [41m[30m[4m[2|1/3|2/3|3/2|6|1/10|13|14|1/16|(16) ], aus denen der Mensch besteht. [0m 
   [41m[30m[4mD.h. diese Zahlenkombinationen müsste man herausrechnen [Mindestens Typ[0m 
   [41m[30m[4m14 ist hier in dieser Spalte immer mit kombiniert.] und würde dann auf [0m 
   [41m[30m[4mdie Strukturalien und Transzendentalien kommen!)                       [0m 
 2 [103m[30m[1mautomatic, sensory or motor (die 2 ist agieren können und 1 / 2 ist    [0m 
   [103m[30m[1mreagieren können)                                                      [0m 
   [41m[30m[4m„model of hierarchical complexity“ im Bezug zu den Religionen[0m 
 2 [103m[30m[1m?                                                            [0m 
   [41m[30m[4mReziproke 1/n von „Transzendentalien bzw. Strukturalien“: Die Grundlage[0m 
   [41m[30m[4mfür Gleichförmiges-Polygon-Religionen (Reziproke sind Typ 15 und diese [0m 
   [41m[30m[4mStrukturalien, von denen die Reziproke gebildet werden sind zudem auch [0m 
   [41m[30m[4mTyp 15.)                                                               [0m 
 2 [103m[30m[1m1 / 2 Art und Weise, Weichheit (sicher)                                [0m 
   [41m[30m[4minverses „model of hierarchical complexity“ d.h. 1/n also Reziproke (15, [0m 
   [41m[30m[4mMetaparadigmen) (Diese Spalte von u.a. Michael Commons ist wohl eher     [0m 
   [41m[30m[4mvermenschlicht, durch die Paradigmen [13] [3,8,10,17] und Metaparadigmen [0m 
   [41m[30m[4m[15] [2,1/3,2/3,3/2,1/10,14,1/16], aus denen der Mensch besteht. D.h.    [0m 
   [41m[30m[4mdiese Zahlenkombinationen müsste man herausrechnen und würde dann auf die[0m 
   [41m[30m[4mStrukturalien und Transzendentalien kommen!)                             [0m 
 2 [103m[30m[1mreagieren, ohne Lernprozesse (sicher)                                    [0m 
   [41m[30m[4mBewusstsein (15) (und Unterbewusstsein) ist bei Meta-Paradigmen (15) als[0m 
   [41m[30m[4mForm des Geistes (15) (Bewusstsein = Geist [15] 15)                     [0m 
 2 [103m[30m[1mFokus-Bewusstsein, auf irgendetwas konkretes fokussiert sein            [0m 
