  3 [43m[30mJesus sagte: Wenn eure Führer euch sagen: Sehet, das Königreich liegt im [0m[0m 
    [43m[30mHimmel, so werden die Vögel des Himmels vorausgehen. Wenn sie euch sagen:[0m[0m 
    [43m[30mes ist im Meer, so werden die Fische vorausgehen. Doch das Königreich ist[0m[0m 
    [43m[30min eurem Inneren und es ist außerhalb von euch. Wenn ihr euch selbst     [0m[0m 
    [43m[30merkennt, dann werdet ihr erkannt, und ihr werdet wissen, dass ihr die    [0m[0m 
    [43m[30mKinder des lebendigen Vaters seid. Aber wenn ihr euch nicht erkennt, dann[0m[0m 
    [43m[30mwerdet ihr in der Armut sein und seid die Armut.                         [0m[0m 
█ 5 [43m[30mJesus sagte: Erkenne das, was vor dir ist, und das, was vor dir verborgen[0m[0m 
█   [43m[30mist, dies wird dir enthüllt werden. Denn es gibt nichts Verborgenes, was [0m[0m 
█   [43m[30mnicht offenbar werden wird. Und es wird nicht länger vergraben sein, was [0m[0m 
█   [43m[30mnicht aufsteigen wird.                                                   [0m[0m 
 15 [100m[37mJesus sagte: Wenn ihr den seht, der nicht von einer Frau geboren wurde,  [0m[0m 
    [100m[37mwerft euch mit dem Gesicht auf die Erde und betet ihn an, denn das ist   [0m[0m 
    [100m[37meuer Vater.                                                              [0m[0m 
  3 [43m[30m‚Nutzen‘ (altes Testament und Mensch); wahrscheinlich: „ ‚Beißen‘ als    [0m[0m 
    [43m[30mzentrales Konzept; ‚Mimese‘ und ‚Mimikry‘ (3 mit wahrscheinlich auch 2)“;[0m[0m 
    [43m[30mRüssel eines Elefanten und Tentakel nutzen als weitere Formen            [0m[0m 
█ 5 [43m[30m„Selbstsucht“ (nicht Egoismus) oder auch „infrage kommen“ oder           [0m[0m 
█   [43m[30m„Bezogenheit auf nur dich selbst, sich nur selbst sehen“                 [0m[0m 
 15 [100m[37mSelbstrespekt (Ich-Vollheit), nachhaltigen Nutzen generieren wollen      [0m[0m 
    [100m[37m(,aber erst mit Typ 30 können), Weltverständnis durch mentales           [0m[0m 
    [100m[37mWiederholen von Dingen. Der Grundgedanke ist die gegenseitige Geltung    [0m[0m 
    [100m[37m(5).                                                                     [0m[0m 
15: 3 5
15: [(5, 3)]
