 1 [100m[37mJesus sagte: Wer die Deutung dieser Worte findet, der wird den Tod nicht[0m[0m 
   [100m[37mschmecken.                                                              [0m[0m 
 1 [100m[37m„Absicht“ (jegliche beliebige Absichten) (und alles weitere, das alle    [0m[0m 
   [100m[37mParadigmen haben: einen „Denkansatz“)                                    [0m[0m 
1: 
1: 1 (Primzahl)
