 1 [100m[37mJesus sagte: Wer die Deutung dieser Worte findet, der wird den Tod nicht [0m[0m 
   [100m[37mschmecken.                                                               [0m[0m 
 2 [103m[30m[1mJesus sagte: Wer suchet, soll nicht aufhören zu suchen, bis er findet,   [0m 
   [103m[30m[1mund wenn er findet, wird er verstört sein, und wenn er verstört ist, wird[0m 
   [103m[30m[1mer staunen und wird über alles herrschen können. Und nachdem er über     [0m 
   [103m[30m[1malles herrschte, wird er zur Ruhe kommen.                                [0m 
 3 [43m[30mJesus sagte: Wenn eure Führer euch sagen: Sehet, das Königreich liegt im [0m[0m 
   [43m[30mHimmel, so werden die Vögel des Himmels vorausgehen. Wenn sie euch sagen:[0m[0m 
   [43m[30mes ist im Meer, so werden die Fische vorausgehen. Doch das Königreich ist[0m[0m 
   [43m[30min eurem Inneren und es ist außerhalb von euch. Wenn ihr euch selbst     [0m[0m 
   [43m[30merkennt, dann werdet ihr erkannt, und ihr werdet wissen, dass ihr die    [0m[0m 
   [43m[30mKinder des lebendigen Vaters seid. Aber wenn ihr euch nicht erkennt, dann[0m[0m 
   [43m[30mwerdet ihr in der Armut sein und seid die Armut.                         [0m[0m 
 1 [100m[37m„Absicht“ (jegliche beliebige Absichten) (und alles weitere, das alle    [0m[0m 
   [100m[37mParadigmen haben: einen „Denkansatz“)                                    [0m[0m 
 2 [103m[30m[1m„Können“ (bzw. „Können wollen“ 2*1) (Allein die Fähigkeit besitzen wollen[0m 
   [103m[30m[1m[1], sich fortpflanzen zu können [2] [1*2=2])                            [0m 
 3 [43m[30m‚Nutzen‘ (altes Testament und Mensch); wahrscheinlich: „ ‚Beißen‘ als    [0m[0m 
   [43m[30mzentrales Konzept; ‚Mimese‘ und ‚Mimikry‘ (3 mit wahrscheinlich auch 2)“;[0m[0m 
   [43m[30mRüssel eines Elefanten und Tentakel nutzen als weitere Formen            [0m[0m 
Gemeinsamkeiten: 1 := 1
1     := 1     / 1     -> 1
2     := 2     / 1     -> 2
3     := 3     / 1     -> 3
1: 
2: 2
3: 3
1: 1 (Primzahl)
2: 2 (Primzahl)
3: 3 (Primzahl)
