 2 [103m[30m[1msich sanftmütig fühlen[0m 
 2 [103m[30m[1mBundesrat, d.h. eine Organisationsform einer Föderation, im Bezug zu[0m 
   [103m[30m[1mihren Bundesländern                                                 [0m 
 2 [103m[30m[1mVerwenden (3/2) (größtenteils sicher); griffbereit [3*(1/2)]            [0m 
   [103m[30m[1m(größtenteils sicher); investieren (unsicher) [6/(1/4)];                [0m 
   [103m[30m[1mInvestitionssumme bestimmen (unsicher) [9/(1/6)]; die Anordnung oder der[0m 
   [103m[30m[1mErlass (unsicher) [12/(1/8)]                                            [0m 
 2 [103m[30m[1mder Inhalt (3/2) (bei Inhalt bin ich mir 100% sicher); der Verlauf (6/4);[0m 
   [103m[30m[1mZugehörigkeit eines Wertes zu einer Einheit, dessen Entsprechungsgrad    [0m 
   [103m[30m[1m(9/6) (größtenteils sicher); die Einheiten-Betrachung von Werten mit     [0m 
   [103m[30m[1mEinheiten (9/6) (größtenteils sicher); die Eigenschaften von Zuständen   [0m 
   [103m[30m[1mbestimmen (12/8) (passt gut); das was „zwischen den Zeilen“ steht (15/10)[0m 
   [103m[30m[1m(stimmt wahrscheinlich) ; der Umstand (die Art und Wiese [1 / 2] der     [0m 
   [103m[30m[1mBedingung [ 1/3 ])  [(1/2)/(1/3)] (größtenteils sicher) =das Gegenstück  [0m 
   [103m[30m[1mzum Schein: das Sein, (aber nicht das von 8. Sein und Zustand) sondern   [0m 
   [103m[30m[1mals Manifestation (1/4) [(1/4)/(1/6)] (sicher); die Klarheit von und über[0m 
   [103m[30m[1mProblematiken [(1/6)/(1/9)] (halb sicher); Instanzen analysieren         [0m 
   [103m[30m[1m[21*(1/14)] ist die Betrachtung der Form (3/2)                           [0m 
