 2 [103m[30m[1mweiches Gefühl (größtenteils sicher)                 [0m 
 2 [103m[30m[1mhartes Gefühl als schlechtes Gefühl (halb bis größtenteils sicher)[0m 
 2 [103m[30m[1mBewusstsein über die Gestaltung der Art und Weise und Weichheit       [0m 
 2 [103m[30m[1mGestaltung (halb bis größtenteils sicher)                            [0m 
 2 [103m[30m[1mNation / Gruppierung, als vielleicht Opportunisten (= Personen, welche[0m 
   [103m[30m[1mGelegenheiten ergreifen) (halb bis größtenteils sicher)               [0m 
 2 [103m[30m[1mmöglich, Gelegenheiten ergreifen, andere befähigen, Talent (haben wollen)[0m 
   [103m[30m[1m(größtenteils sicher)                                                    [0m 
 2 [103m[30m[1m1 / 2 Art und Weise, Weichheit (sicher)                                [0m 
