reta -zeilen --vorhervonausschnitt=2-3 --oberesmaximum=1025 -spalten --Grundstrukturen=Konkreta_und_Focus_(2),Paradigmen_sind_Absichten_(13),Impulse_(5) --breite=0 -ausgabe
   [41m[30m[4mIntrinsische (nicht extrinsische) (intrinsisch = es direkt wollen und    [0m 
   [41m[30m[4mnicht indirekt) emotionale Intentionen bzw. Motive n für Sternpolygone,  [0m 
   [41m[30m[4mParadigmen (u.a. 13, Paradigmen sind nicht nur Typ 13, weil              [0m 
   [41m[30m[4mvermenschlicht) (Ein beliebiges Motiv zu haben ist Typ 1) (Jedes einzelne[0m 
   [41m[30m[4mMotiv ergibt sich auch daraus, aus welchen Paradigmen und Meta-Paradigmen[0m 
   [41m[30m[4mder Mensch besteht, ist also immer eine Zusammensetzung) Absichten (13)  [0m 
   [41m[30m[4mals Form des Geistes (15)                                                [0m 
 2 [103m[30m[1m„Können“ (bzw. „Können wollen“ 2*1) (Allein die Fähigkeit besitzen wollen[0m 
   [103m[30m[1m[1], sich fortpflanzen zu können [2] [1*2=2])                            [0m 
 3 [43m[30m‚Nutzen‘ (altes Testament und Mensch); wahrscheinlich: „ ‚Beißen‘ als    [0m[0m 
   [43m[30mzentrales Konzept; ‚Mimese‘ und ‚Mimikry‘ (3 mit wahrscheinlich auch 2)“;[0m[0m 
   [43m[30mRüssel eines Elefanten und Tentakel nutzen als weitere Formen            [0m[0m 
   [41m[30m[4mExtrinsische (= es indirekt wollen und nicht direkt zu wollen) (ggf.     [0m 
   [41m[30m[4mrationale) Motive 1/n für gleichförmige Polygone, Paradigmen, Reziproke  [0m 
   [41m[30m[4m1/n (13 und oder 14)                                                     [0m 
 2 [103m[30m[1mmöglich, Gelegenheiten ergreifen, andere befähigen, Talent (haben wollen)[0m 
   [103m[30m[1m(größtenteils sicher)                                                    [0m 
 3 [43m[30mPragmatismus, pragmatisch sein  (größtenteils sicher) (1/3), formen,     [0m[0m 
   [43m[30mwandeln (3/9)                                                            [0m[0m 
   [41m[30m[4mListe der Konkreta (2) als Punkt  der universalen Strukturalien (15) in [0m 
   [41m[30m[4mZeile 2, des Konkreten (2), also Arten des Konkreten (Eigentlich müssten[0m 
   [41m[30m[4mdie Ganzheiten ähnlich wie die Transzendatenalien sein und die Konkreta [0m 
   [41m[30m[4mähnlich wie der Raum)                                                   [0m 
 2 [103m[30m[1mSymbol (halb sicher)                                                    [0m 
 3 [43m[30mEigenname (größtenteils sicher)                                         [0m[0m 
   [41m[30m[4mImpulse (5) als Form des Geistes (15)          [0m 
 2 [103m[30m[1meinen Platz einnehmen (größtenteils sicher)    [0m 
 3 [43m[30mEingriff (etwas oder jemanden steuern) (sicher)[0m[0m 
   [41m[30m[4mGanzheiten (5) und oder Konkreta (2)  n  unterhalb der universellen (15)[0m 
   [41m[30m[4mSachen                                                                  [0m 
 2 [103m[30m[1mdas Zugehörige (Ist eine Ganzheit [5] und oder ein Konkreta [2] – eines [0m 
   [103m[30m[1moder beides halb sicher)                                                [0m 
 3 [43m[30mder Haken (Ist eine Ganzheit [5] und oder ein Konkreta [2] – eines oder [0m[0m 
   [43m[30mbeides größtenteils sicher)                                             [0m[0m 
   [41m[30m[4mreziproke (1/n) Impulse (5) (gleichförmige Polygone 1/n) (5)           [0m 
 2 [103m[30m[1mDiplomatiekompetenz oder Diplomatiefertigkeit, Balance (was man erhält)[0m 
   [103m[30m[1m(größtenteils sicher)                                                  [0m 
 3 [43m[30mRegelung, Reglementieren (größtenteils sicher)                         [0m[0m 
   [41m[30m[4mFocus (2) als Form des Geistes (15)                 [0m 
 2 [103m[30m[1mdie Ruhelage (halb bis größtenteils  sicher)        [0m 
 3 [43m[30mder Fokus auf etwas  (halb bis größtenteils  sicher)[0m[0m 
   [41m[30m[4mImpulse (5), noch mal weitere, auch Typ n, als Form des Geistes (15)[0m 
 2 [103m[30m[1mBereitschaft                                                        [0m 
 3 [43m[30mEssen                                                               [0m[0m 
   [41m[30m[4mTugend als Geist (15) „12 mit 13“ = Sortieren als universelle (15)     [0m 
   [41m[30m[4mStruktur „12 mit 13“; Kombiniert werden immer beide gleichwertige n. Es[0m 
   [41m[30m[4mkönnten auch unterschiedlich hohe n von beidem, 12 und 13, kombiniert  [0m 
   [41m[30m[4mwerden zu einer Tugend                                                 [0m 
 2 [103m[30m[1mqualifiziert und geeignet sein als Wille und Eigenschaft               [0m 
 3 [43m[30mbewältigen                                                             [0m[0m 
   [41m[30m[4mTeilchen-Meta-Physik: kombiniertes Teilchen „12 mit 13“ = Sortieren als  [0m 
   [41m[30m[4muniverselle (15) Struktur „12 mit 13“                                    [0m 
 2 [103m[30m[1mBewerbung und Zeugnis sind zusammen 2 Sortierungen. In der Bewerbung     [0m 
   [103m[30m[1msucht man sich das Beste über sich aus und die Bewertung durch ein       [0m 
   [103m[30m[1mZeugnis ist eine Sortierung, weil deine Qualifkationen eingeordnet       [0m 
   [103m[30m[1mwerden, was wie Positiv (13) an dir ist als zugeirdnete Eigenschaften    [0m 
   [103m[30m[1m(12), also „12 mit 13“ Tugend. Beides, Zeugnis und Bewerbung ergeben     [0m 
   [103m[30m[1mzusammen die Qualifikation und Eignung als etwas Tugendhaftes            [0m 
 3 [43m[30m3 Programmier-Schleifen funktionieren zusammen wie ein Flaschenzug, indem[0m[0m 
   [43m[30msie sich Arbeits-Pakete zueinander zuteilen. Ein Flaschenzug ist das, was[0m[0m 
   [43m[30mBewältigung meint.                                                       [0m[0m 
   [41m[30m[4mM Kontinuum (dreizehn)                       [0m 
 2 [103m[30m[1mBarriere, damit zwei Pole negativ und positiv[0m 
 3 [43m[30mStraße, Weg, Pfad                            [0m[0m 
   [41m[30m[4mSuperkräfte von Verantwortlichen bzw. Götter. Sind die gleichen. Ein     [0m 
   [41m[30m[4mGalaxieverantwortlicher wie Palpatine Jedis (Galaxie dreizehn) oder ein Q[0m 
   [41m[30m[4m(siebzehn) entspricht Gottheit so in etwas. Das ist das.                 [0m 
 2 [103m[30m[1m?                                                                        [0m 
 3 [43m[30m?                                                                        [0m[0m 
