   [41m[30m[4mn/5 Universum                           [0m 
 1 [100m[37m1/5 das (mathematisch) Kontinuierliche  [0m[0m 
   [100m[37m(größtenteils sicher) (Die allgemeine   [0m[0m 
   [100m[37mBedingung ist eigentlich Typ 1/3, aber  [0m[0m 
   [100m[37mso wie 1/3 die Bedingung für das        [0m[0m 
   [100m[37mÜberleben [3] ist, so ist 1/5 die       [0m[0m 
   [100m[37mBedingung für die Unversehrtheit [5]. ) [0m[0m 
   [100m[37m(1/5); 2/10 die Gegenstände von der     [0m[0m 
   [100m[37mWahrheit (z.B. von der Logik)           [0m[0m 
   [100m[37m(größtenteils sicher), 5/25 das         [0m[0m 
   [100m[37m(minimalste) Informationsatom, atomare  [0m[0m 
   [100m[37mÜbertragung (sehr sicher), 3/15 die     [0m[0m 
   [100m[37mFrage ob etwas existiert (z.B. Anomalie [0m[0m 
   [100m[37mim schwarzen Loch) wenn man Rekursion   [0m[0m 
   [100m[37mbetreibt (irgendwie so etwas)           [0m[0m 
 2 [103m[30m[1mDer Bestandteil von etwas Ganzem oder   [0m 
   [103m[30m[1meine Vielzahl von etwas Ganzen oder das [0m 
   [103m[30m[1mGanze selbst (2/5) (ich bin mir sehr    [0m 
   [103m[30m[1msicher), weil das Konkrete (2) kleiner, [0m 
   [103m[30m[1mgrößer, gleich dem Ganzen (5) sein kann.[0m 
   [103m[30m[1m; Quotient, Divident, Divisor als Zahlen[0m 
   [103m[30m[1m(6/15) (unsicher, könnte nämlich auch   [0m 
   [103m[30m[1m2/15 sein, dann aber als etwas          [0m 
   [103m[30m[1mallgemeiners als Zahlen)                [0m 
 3 [43m[30mdas, was im Kontext steht, also das     [0m[0m 
   [43m[30mVordergründige oder das Zentrale        [0m[0m 
   [43m[30minnerhalb des Kontextes (3/5) (sicher)  [0m[0m 
   [43m[30m,Anhaltspunkt (9/15) (ich bin mir 85%   [0m[0m 
   [43m[30msicher)                                 [0m[0m 
   [41m[30m[4m5/n Universum                           [0m 
 1 [100m[37mGanzheit, mathematisch: diskret,        [0m[0m 
   [100m[37matomar/elementar, Mathe Objekt: die     [0m[0m 
   [100m[37mKapsel, die Box, der Container (5);     [0m[0m 
   [100m[37m10/2: die Wirklichkeits-Dinge, die      [0m[0m 
   [100m[37mWirklichkeits-Angelegenheiten (Potenzial[0m[0m 
   [100m[37m[1 / 2] der Wirklichkeit [10]) (10/2)   [0m[0m 
 2 [103m[30m[1mVollständigkeit (5/2) (sicher);         [0m 
   [103m[30m[1mNaturgesetze der Art Gleichungen pro    [0m 
   [103m[30m[1mZeitachse (10/4) (halbwegs sicher)      [0m 
 3 [43m[30mder existenzielle Kontext (5/3)         [0m[0m 
   [43m[30m(sicher), Angemessenheit und Stimmigkeit[0m[0m 
   [43m[30m(Richtigkeit einer Zahl) (10/6) (halb   [0m[0m 
   [43m[30msicher), Bezug und Zusammenhang (15/9)  [0m[0m 
   [43m[30m(unsicher)                              [0m[0m 
