'absicht 2' ergibt sich aus 'a2' und ergibt danach reta-Befehl:reta -zeilen --vorhervonausschnitt=2 --oberesmaximum=1025 -spalten --Menschliches=motivation --breite=0 -ausgabe --spaltenreihenfolgeundnurdiese=1   [41m[30m[4mIntrinsische (nicht extrinsische) (intrinsisch = es direkt wollen und    [0m 
   [41m[30m[4mnicht indirekt) emotionale Intentionen bzw. Motive n für Sternpolygone,  [0m 
   [41m[30m[4mParadigmen (u.a. 13, Paradigmen sind nicht nur Typ 13, weil              [0m 
   [41m[30m[4mvermenschlicht) (Ein beliebiges Motiv zu haben ist Typ 1) (Jedes einzelne[0m 
   [41m[30m[4mMotiv ergibt sich auch daraus, aus welchen Paradigmen und Meta-Paradigmen[0m 
   [41m[30m[4mder Mensch besteht, ist also immer eine Zusammensetzung) Absichten (13)  [0m 
   [41m[30m[4mals Form des Geistes (15)                                                [0m 
 2 [103m[30m[1m„Können“ (bzw. „Können wollen“ 2*1) (Allein die Fähigkeit besitzen wollen[0m 
   [103m[30m[1m[1], sich fortpflanzen zu können [2] [1*2=2])                            [0m 
