'absicht 15 mulpri multis prim primfaktorenvergleich' ergibt sich aus 'ap15' und ergibt danach reta-Befehl:reta -zeilen --vorhervonausschnitt=15 --oberesmaximum=1025 -spalten --Menschliches=motivation --breite=0 -ausgabe --spaltenreihenfolgeundnurdiese=1    [41m[30m[4mIntrinsische (nicht extrinsische) (intrinsisch = es direkt wollen und    [0m 
    [41m[30m[4mnicht indirekt) emotionale Intentionen bzw. Motive n für Sternpolygone,  [0m 
    [41m[30m[4mParadigmen (u.a. 13, Paradigmen sind nicht nur Typ 13, weil              [0m 
    [41m[30m[4mvermenschlicht) (Ein beliebiges Motiv zu haben ist Typ 1) (Jedes einzelne[0m 
    [41m[30m[4mMotiv ergibt sich auch daraus, aus welchen Paradigmen und Meta-Paradigmen[0m 
    [41m[30m[4mder Mensch besteht, ist also immer eine Zusammensetzung) Absichten (13)  [0m 
    [41m[30m[4mals Form des Geistes (15)                                                [0m 
 15 [100m[37mSelbstrespekt (Ich-Vollheit), nachhaltigen Nutzen generieren wollen      [0m[0m 
    [100m[37m(,aber erst mit Typ 30 können), Weltverständnis durch mentales           [0m[0m 
    [100m[37mWiederholen von Dingen. Der Grundgedanke ist die gegenseitige Geltung    [0m[0m 
    [100m[37m(5).                                                                     [0m[0m 
15: 3 5
15: [(5, 3)]
