'bewusstsein 2' ergibt sich aus 'B2' und ergibt danach reta-Befehl:reta -zeilen --vorhervonausschnitt=2 --oberesmaximum=1025 -spalten --Grundstrukturen=Strukturalien_bzw_Meta-Paradigmen_bzw_Transzendentalien_(15),Geist_(15),Model_of_Hierarchical_Complexity,Biologischer_Baum_(15),Teilchen_anderes_Universum,nachvollziehen_emotional_oder_geistig_durch_Primzahl-Kreuz-Algorithmus_(15) --breite=0 -ausgabe --spaltenreihenfolgeundnurdiese=6   [41m[30m[4mBewusstsein (15) (und Unterbewusstsein) ist bei Meta-Paradigmen (15) als[0m 
   [41m[30m[4mForm des Geistes (15) (Bewusstsein = Geist [15] 15)                     [0m 
 2 [103m[30m[1mFokus-Bewusstsein, auf irgendetwas konkretes fokussiert sein            [0m 
