'emotion 2' ergibt sich aus 'E2' und ergibt danach reta-Befehl:
reta -zeilen --vorhervonausschnitt=2 --oberesmaximum=1025 -spalten --Grundstrukturen=emotion --breite=0 -ausgabe --spaltenreihenfolgeundnurdiese=2,3
   [41m[30m[4mGefühle oder Emotionen (7) n als Form des Geistes (15) (während Gefühle[0m 
   [41m[30m[4meher nur Typ 7 sind, so sind Emotionen wohl alle 7*n)                  [0m 
 2 [103m[30m[1mfestes Gefühl (größtenteils sicher)                                    [0m 
   [41m[30m[4mSchlechte (-13) Emotionen (7) -n als Form des Geistes (15) (schlecht ist[0m 
   [41m[30m[4msozusagen der Ort von wo die Richtung ins Gute geht und das Gute ist das[0m 
   [41m[30m[4mZiel der Richtung)                                                      [0m 
 2 [103m[30m[1mfühlt sich locker an, als schlechtes Gefühl (halb bis größtenteils      [0m 
   [103m[30m[1msicher)                                                                 [0m 
