'2 geist' ergibt sich aus 'G2' und ergibt danach reta-Befehl:
reta -zeilen --vorhervonausschnitt=2 --oberesmaximum=1025 -spalten --Grundstrukturen=geist --breite=0 -ausgabe --spaltenreihenfolgeundnurdiese=3
   [41m[30m[4mGeist (15) (d.h. besteht aus der jeweilig zugehörigen universellen       [0m 
   [41m[30m[4mStrukturalie / dem Meta-Paradigma)                                       [0m 
 2 [103m[30m[1mFokus (halb bis größtenteils sicher); „2 mit 4“ fokussierte Konzentration[0m 
