'triebe 2' ergibt sich aus 'T2' und ergibt danach reta-Befehl:
reta -zeilen --vorhervonausschnitt=2 --oberesmaximum=1025 -spalten --Grundstrukturen=Triebe_und_Bedürfnisse_(6),System --breite=0 -ausgabe --spaltenreihenfolgeundnurdiese=1   [41m[30m[4mWirtschaftssystem (Wirtschaft hauptsächlich Typ 6, auch wenn das[0m 
   [41m[30m[4mWirtschaftssystem dann einen anderen Typ hat. Zu was bildet der [0m 
   [41m[30m[4mbabylonische Talmud Juden aus? U.a. zu Wirtschaftsmenschen!)    [0m 
 2 [103m[30m[1mZunftswesen ist 2  und Gildenwesen ist 1/2                      [0m 
