'universum 2' ergibt sich aus 'u2' und ergibt danach reta-Befehl:reta -zeilen --vorhervonausschnitt=2 --oberesmaximum=1025 -spalten --Universum=transzendentalien --breite=0 -ausgabe --spaltenreihenfolgeundnurdiese=1,4   [41m[30m[4mTranszendentalien, -alien, universelle Strukturalien, Meta-Paradigmen    [0m 
   [41m[30m[4m(15) Transzendentalien (15 oder u.a. 15) sind die menschliche Sicht der  [0m 
   [41m[30m[4mStrukturalien (ausschließlich Typ 15) (In Lebewesen ist es Bewusstsein.).[0m 
   [41m[30m[4mDas sind meist hier alles die mathematischen Objekte, die aber genauer   [0m 
   [41m[30m[4mals universelle Objekte bezeichnet werden sollten, denn sie können z.B.  [0m 
   [41m[30m[4mauch in der Systemtheorie verwendet werden, die als Untermenge die       [0m 
   [41m[30m[4mMathematik besitzt. Diese Spalte ist das O Kontinuum und der Beginnpunkt [0m 
   [41m[30m[4mder Meta-Physik.                                                         [0m 
 2 [103m[30m[1mdas Konkrete, die Ecke Kante sollte dürfte könnte ein Mathematik Objekt  [0m 
   [103m[30m[1msein                                                                     [0m 
   [41m[30m[4mBrucherweiterungen von: Transzendentalien, -alien, Strukturalien, Meta-[0m 
   [41m[30m[4mParadigmen (15)                                                        [0m 
 2 [103m[30m[1m14/7: Linearkombination ohne Beträge, d.h. keine Vektoren, nur Winkel  [0m 
   [103m[30m[1m(14/7)                                                                 [0m 
