'wirklichkeit 2' ergibt sich aus 'W2' und ergibt danach reta-Befehl:
reta -zeilen --vorhervonausschnitt=2 --oberesmaximum=1025 -spalten --Grundstrukturen=Wirklichkeiten_Wahrheit_Wahrnehmung_(10) --breite=0 -ausgabe --spaltenreihenfolgeundnurdiese=1,2
   [41m[30m[4mWirklichkeitsphänomene (10)  Wirklichkeiten (10) (In Lebewesen ist es[0m 
   [41m[30m[4mWahrnehmung.) als Form des Geistes (15)                              [0m 
 2 [103m[30m[1mdas Bestimmte oder das Bestimmbare (größtenteils sicher)             [0m 
   [41m[30m[4mWahrnehmung (10) Typen n als Geist (15)                            [0m 
 2 [103m[30m[1mEmpfindsamkeit, Wahrnehmungsfähigkeit (nicht wie viel, sondern dass[0m 
   [103m[30m[1müberhaupt) (halb sicher)                                           [0m 
