NOOP
NOOP
NOOP
NOOP
NOOP
-zeilen--vorhervonausschnitt=1--oberesmaximum=1025-spalten--Bedeutung=gestirn--breite=0-ausgabe--spaltenreihenfolgeundnurdiese=3-6
-zeilen--vorhervonausschnitt=2--oberesmaximum=1025-spalten--alles--breite=0-ausgabe
-zeilen--vorhervonausschnitt=3--oberesmaximum=1025-spalten--Bedeutung=gestirn--breite=0-ausgabe--spaltenreihenfolgeundnurdiese=3-6
