reta -zeilen --vorhervonausschnitt=1-2 --oberesmaximum=1025 -spalten --Primzahlwirkung=Galaxieabsicht --breite=0 -ausgabe
   [41m[30m[4mPrimzahlwirkung (7, Richtung) Galaxie n    [0m 
 1 [100m[37mfür außen                                  [0m[0m 
 2 [103m[30m[1m"für seitlich und gegen Schwächlinge innen"[0m 
